Open On-Chip Debugger v0.12.0-esp32-20260703 (2026-07-03-13:49)
Licensed under GNU GPL v2
For bug reports, read
	http://openocd.org/doc/doxygen/bugs.html
1
Info : esp_usb_jtag: capabilities descriptor set to 0x2000
Info : [esp32p4] Hardware thread awareness created
Info : esp_usb_jtag: serial ([REDACTED_MAC])
Info : esp_usb_jtag: Device found. Base speed 24000KHz, div range 1 to 255
Info : clock speed 24000 kHz
Info : JTAG tap: esp32p4.tap0 tap/device found: 0x00012c25 (mfg: 0x612 (Espressif Systems), part: 0x0012, ver: 0x0)
Info : JTAG tap: esp32p4.tap1 tap/device found: 0x00012c25 (mfg: 0x612 (Espressif Systems), part: 0x0012, ver: 0x0)
Info : [esp32p4] datacount=1 progbufsize=2
Info : [esp32p4] Examined RISC-V core
Info : [esp32p4]  XLEN=32, misa=0x40903127
Info : [esp32p4] Chip revision v3.2
Info : [esp32p4] Examination succeed
Info : [esp32p4] starting gdb server on 3333
Info : Listening on port 3333 for gdb connections
Info : JTAG tap: esp32p4.tap0 tap/device found: 0x00012c25 (mfg: 0x612 (Espressif Systems), part: 0x0012, ver: 0x0)
Info : JTAG tap: esp32p4.tap1 tap/device found: 0x00012c25 (mfg: 0x612 (Espressif Systems), part: 0x0012, ver: 0x0)
Info : [esp32p4] Register fp is dirty!
Info : [esp32p4] Discarding values of dirty registers.
Info : [esp32p4] Reset cause (24) - (JTAG CPU reset)
=== TARGET STATE AFTER reset halt ===
    TargetName         Type       Endian TapName            State       
--  ------------------ ---------- ------ ------------------ ------------
 0* esp32p4            esp32p4    little esp32p4.tap1       halted
=== PC (readable only when halted) ===
pc (/32): 0x4fc00b10
Info : Initializing flasher algorithm for cmd_flash_map_get
Info : Flash mapping 0: 0x10020 -> 0x40020020, 17 KB
Info : Flash mapping 1: 0x20000 -> 0x40000000, 103 KB
Info : Using flash bank 'esp32p4.irom' size 104 KB
Info : Initializing flasher algorithm for cmd_flash_map_get
Info : Flash mapping 0: 0x10020 -> 0x40020020, 17 KB
Info : Flash mapping 1: 0x20000 -> 0x40000000, 103 KB
Info : Using flash bank 'esp32p4.drom' size 20 KB
Info : Initializing flasher algorithm for cmd_flash_map_get
Info : Flash mapping 0: 0x10020 -> 0x40020020, 17 KB
Info : Flash mapping 1: 0x20000 -> 0x40000000, 103 KB
Info : Auto-detected flash bank 'esp32p4.flash' size 16384 KB
Info : Using flash bank 'esp32p4.flash' size 16384 KB
=== JTAG reset/halt verification done ===
shutdown command invoked
