
nsh> reboot
reboot status=0
ESP-ROM:esp32p4-eco7-20260109
Build:Jan  9 2026
rst:0x10 (CHIP_LP_WDT_RESET),boot:0xf (SPI_FAST_FLASH_BOOT)
SPI mode:DIO, clock div:1
load:0x30100000,len:0x44
load:0x4ff40000,len:0x66cc
SHA-256 comparison failed:
Calculated: 5f479ec10d5eff8e90e906a284cd5d9de5d1252d339f848ec6faec7c6a7b2214
Expected: 00000000d0780000000000000000000000000000000000000000000000000000
Attempting to boot anyway...
entry 0x4ff452fe
*** Booting NuttX ***
tcm: lma 0x00002020 vma 0x30100000 len 0x44     (68)
dram: lma 0x0000206c vma 0x4ff40000 len 0x66cc   (26316)
padd: lma 0x00008748 vma 0x00000000 len 0x78d0   (30928)
imap: lma 0x00010020 vma 0x40020020 len 0x45a8   (17832)
padd: lma 0x000145d0 vma 0x00000000 len 0xba28   (47656)
imap: lma 0x00020000 vma 0x40000000 len 0x1a074  (106612)
total segments stored 6

NuttShell (NSH)
nsh> help
help usage:  help [-v] [<cmd>]

    .           cp          exit        ls          reboot      truncate    
    [           cmp         expr        mkdir       rm          uname       
    ?           dirname     false       mkrd        rmdir       umount      
    alias       dd          fdinfo      mount       set         unset       
    unalias     df          free        mv          sleep       uptime      
    basename    dmesg       help        pidof       source      usleep      
    break       echo        hexdump     printf      test        watch       
    cat         env         kill        ps          time        xd          
    cd          exec        pkill       pwd         true        wait        

Builtin Apps:
    dumpstack    gpio         nsh          sh           
nsh> uname -a
NuttX 0.0.0 dd92bcf4257 Aug 21 2026 20:14:31 risc-v contest2026_288_board
nsh> free
      total       used       free    maxused    maxfree  nused  nfree name
     487848       6976     480872       7768     480440     32      2 Umem
nsh> ps
  PID GROUP PRI POLICY   TYPE    NPX STATE    EVENT     SIGMASK            STACK COMMAND
    0     0   0 FIFO     Kthread   - Ready              0000000000000000 0002016 CPU0 IDLE
    2     2 100 RR       Task      - Running            0000000000000000 0001984 nsh_main
nsh> uptime
00:00:11 up  0:00, load average: 0.00, 0.00, 0.00
nsh> time "sleep 1"

1.0100 sec
nsh> time "sleep 10"

10.0100 sec
nsh> time "usleep 500000"

0.5100 sec
nsh> reboot
reboot status=0
ESP-ROM:esp32p4-eco7-20260109
Build:Jan  9 2026
rst:0x10 (CHIP_LP_WDT_RESET),boot:0xf (SPI_FAST_FLASH_BOOT)
SPI mode:DIO, clock div:1
load:0x30100000,len:0x44
load:0x4ff40000,len:0x66cc
SHA-256 comparison failed:
Calculated: 5f479ec10d5eff8e90e906a284cd5d9de5d1252d339f848ec6faec7c6a7b2214
Expected: 00000000d0780000000000000000000000000000000000000000000000000000
Attempting to boot anyway...
entry 0x4ff452fe
*** Booting NuttX ***
tcm: lma 0x00002020 vma 0x30100000 len 0x44     (68)
dram: lma 0x0000206c vma 0x4ff40000 len 0x66cc   (26316)
padd: lma 0x00008748 vma 0x00000000 len 0x78d0   (30928)
imap: lma 0x00010020 vma 0x40020020 len 0x45a8   (17832)
padd: lma 0x000145d0 vma 0x00000000 len 0xba28   (47656)
imap: lma 0x00020000 vma 0x40000000 len 0x1a074  (106612)
total segments stored 6

NuttShell (NSH)
nsh> 