esptool v5.3.1
Serial port /dev/ttyACM0:
Connecting...
[1A[2K[1A[2KConnected to ESP32-P4 on /dev/ttyACM0:
Chip type:          ESP32-P4 (revision v3.2)
Features:           Dual Core + LP Core, 400MHz
Crystal frequency:  40MHz
USB mode:           USB-Serial/JTAG
MAC:                [REDACTED_MAC]

Uploading stub flasher...
Running stub flasher...
[1A[2K[1A[2KStub flasher running.
Changing baud rate to 921600...
Changed.

Configuring flash size...
Flash will be erased from 0x00002000 to 0x0003afff...
Compressed 229492 bytes to 97153...
[KWriting at 0x00002000 [                              ]   0.0% 0/97153 bytes... [KWriting at 0x000101e1 [====>                         ]  16.9% 16384/97153 bytes... [KWriting at 0x0002298e [=========>                    ]  33.7% 32768/97153 bytes... [KWriting at 0x000287d2 [==============>               ]  50.6% 49152/97153 bytes... [KWriting at 0x0002e669 [===================>          ]  67.5% 65536/97153 bytes... [KWriting at 0x000348d6 [========================>     ]  84.3% 81920/97153 bytes... [KWriting at 0x0003a074 [==============================] 100.0% 97153/97153 bytes... 
[1A[2K[1A[2KWrote 229492 bytes (97153 compressed) at 0x00002000 in 2.1 seconds (863.5 kbit/s).
Verifying written data...
[1A[2KHash of data verified.

Hard resetting via RTS pin...
